// Jest Snapshot v1, https://goo.gl/fbAQLP

exports[`<DocumentDetails /> in edit mode renders DocumentDetails correctly 1`] = `
<div>
  <div
    class="main"
  >
    <div
      style="position: fixed; top: 0px; display: flex; flex-direction: row; justify-content: center; align-items: center; width: 100%; height: 50px; background-color: rgb(63, 80, 181); border-bottom: 1px solid #d8d8d8; font-weight: bold; padding: 0px 20px 0px 0px; box-sizing: border-box; color: rgb(255, 255, 255); font-size: 18px;"
    >
      <div
        style="width: 50px;"
      >
        <button>
          ⬅️
        </button>
      </div>
      <div
        style="margin-left: auto; margin-right: auto;"
      >
        Edit Document
      </div>
      <div
        style="width: 50px;"
      >
        <button
          data-testid="edit-done"
        >
          <span>
            ✅
          </span>
        </button>
      </div>
    </div>
    <div
      class="content"
    >
      <div
        class="document"
      >
        <div
          class="heading"
        >
          Make additions to the document below.
        </div>
      </div>
      <div
        class="table"
      >
        <div
          class="table-body"
        >
          <div
            class="row"
          >
            <div
              class="label column-heading column  required"
            >
              NAME
            </div>
            <div
              class="column"
              data-testid="name"
              style="padding: 20px 10px;"
            >
              <button
                class="edit-detail-button"
              >
                Sample Document
                <span
                  class="caret right"
                />
              </button>
            </div>
          </div>
          <div
            class="row"
          >
            <div
              class="label column column-heading required"
            >
              TYPE
            </div>
            <div
              class="column"
              data-testid="type"
              style="padding: 20px 10px;"
            >
              <button
                class="edit-detail-button"
              >
                Standard
                <span
                  class="caret right"
                />
              </button>
            </div>
          </div>
          <div
            class="row"
          >
            <div
              class="label column column-heading"
            >
              DESCRIPTION
            </div>
            <div
              class="column"
              data-testid="description"
              style="padding: 20px 10px;"
            >
              <button
                class="edit-detail-button"
                style="font-size: 18px;"
              >
                To be included as part of the Adult Admission Package. To be completed by doctors.
                <span
                  class="caret right"
                />
              </button>
            </div>
          </div>
          <div
            class="row"
          >
            <div
              class="label column column-heading"
            >
              USERS ALLOWED
            </div>
            <div
              class="column"
              data-testid="allowed_users"
              style="padding: 20px 10px;"
            >
              <button
                class="edit-detail-button"
              >
                User 1, 
                User 2, 
                User 3
                <span
                  class="caret right"
                />
              </button>
            </div>
          </div>
        </div>
      </div>
    </div>
    <div
      style="display: flex; align-items: center; justify-content: center; width: 100%; height: 40px; background-color: rgb(51, 51, 51); color: rgb(255, 255, 255); position: fixed; bottom: 0px;"
    >
      Footer Menu
    </div>
  </div>
</div>
`;

exports[`<DocumentDetails /> in read-only mode renders DocumentDetails correctly 1`] = `[Function]`;
